task.tekton.dev/cleanup configured
